"product_name","price","count"
"row1","12","123"
"row2","56","345"
