[
    {
        "ColumnName": "id                            "
    },
    {
        "ColumnName": "user_name                     "
    }
]