[
    {
        "ColumnName": "product_name                  "
    },
    {
        "ColumnName": "price                         "
    },
    {
        "ColumnName": "count                         "
    }
]