"product_name","price"
"row1","12.1"
"row2","56.2"
